216.244.66.200 - - [14/Mar/2019:06:52:20 +0500] "GET /robots.txt HTTP/1.0" 404 465 "-" "Mozilla/5.0 (compatible; DotBot/1.1; http://www.opensiteexplorer.org/dotbot, help@moz.com)"
157.55.39.25 - - [14/Mar/2019:06:53:58 +0500] "GET /robots.txt HTTP/1.0" 404 469 "-" "Mozilla/5.0 (compatible; bingbot/2.0; +http://www.bing.com/bingbot.htm)"
157.55.39.106 - - [14/Mar/2019:06:54:01 +0500] "GET / HTTP/1.0" 200 1660 "-" "Mozilla/5.0 (compatible; bingbot/2.0; +http://www.bing.com/bingbot.htm)"
95.163.255.158 - - [14/Mar/2019:07:00:47 +0500] "GET /robots.txt HTTP/1.0" 404 465 "-" "Mozilla/5.0 (compatible; Linux x86_64; Mail.RU_Bot/2.0; +http://go.mail.ru/help/robots)"
95.163.255.177 - - [14/Mar/2019:07:00:48 +0500] "GET /forum/index.php?prev_next=next;topic=4.0 HTTP/1.0" 503 747 "-" "Mozilla/5.0 (compatible; Linux x86_64; Mail.RU_Bot/2.0; +http://go.mail.ru/help/robots)"
66.249.64.128 - - [14/Mar/2019:07:09:05 +0500] "GET /lections_2007.pdf HTTP/1.0" 200 895398 "-" "Mozilla/5.0 (compatible; Googlebot/2.1; +http://www.google.com/bot.html)"
66.249.64.157 - - [14/Mar/2019:07:09:23 +0500] "GET /favicon.ico HTTP/1.0" 404 466 "-" "Googlebot-Image/1.0"
94.51.214.223 - - [14/Mar/2019:07:57:15 +0500] "GET / HTTP/1.0" 200 1660 "-" "Mozilla/5.0 (Windows NT 10.0; Win64; x64; rv:64.0) Gecko/20100101 Firefox/64.0"
94.51.214.223 - - [14/Mar/2019:07:57:16 +0500] "GET /favicon.ico HTTP/1.0" 404 466 "-" "Mozilla/5.0 (Windows NT 10.0; Win64; x64; rv:64.0) Gecko/20100101 Firefox/64.0"
94.51.214.223 - - [14/Mar/2019:07:57:19 +0500] "GET /tp/cont_tp_all.pdf HTTP/1.0" 200 49700 "http://kdenisb.org/" "Mozilla/5.0 (Windows NT 10.0; Win64; x64; rv:64.0) Gecko/20100101 Firefox/64.0"
94.51.214.223 - - [14/Mar/2019:07:57:19 +0500] "GET /tp/cont_tp_all.pdf HTTP/1.0" 206 49749 "http://kdenisb.org/" "Mozilla/5.0 (Windows NT 10.0; Win64; x64; rv:64.0) Gecko/20100101 Firefox/64.0"
94.51.214.223 - - [14/Mar/2019:08:00:34 +0500] "GET /favicon.ico HTTP/1.0" 404 466 "-" "Mozilla/5.0 (Windows NT 10.0; Win64; x64; rv:64.0) Gecko/20100101 Firefox/64.0"
94.51.214.223 - - [14/Mar/2019:08:00:37 +0500] "GET /forum/index.php?board=5.0 HTTP/1.0" 503 747 "http://kdenisb.org/" "Mozilla/5.0 (Windows NT 10.0; Win64; x64; rv:64.0) Gecko/20100101 Firefox/64.0"
94.51.214.223 - - [14/Mar/2019:08:00:38 +0500] "GET /tp/proc_yls.pdf HTTP/1.0" 200 266932 "http://kdenisb.org/" "Mozilla/5.0 (Windows NT 10.0; Win64; x64; rv:64.0) Gecko/20100101 Firefox/64.0"
94.51.214.223 - - [14/Mar/2019:08:00:38 +0500] "GET /tp/proc_yls.pdf HTTP/1.0" 206 65844 "http://kdenisb.org/" "Mozilla/5.0 (Windows NT 10.0; Win64; x64; rv:64.0) Gecko/20100101 Firefox/64.0"
94.51.214.223 - - [14/Mar/2019:08:00:38 +0500] "GET /tp/proc_yls.pdf HTTP/1.0" 206 4842 "http://kdenisb.org/" "Mozilla/5.0 (Windows NT 10.0; Win64; x64; rv:64.0) Gecko/20100101 Firefox/64.0"
106.120.188.157 - - [14/Mar/2019:08:04:00 +0500] "GET /robots.txt HTTP/1.0" 404 469 "-" "Sogou web spider/4.0(+http://www.sogou.com/docs/help/webmasters.htm#07)"
94.51.214.223 - - [14/Mar/2019:08:07:48 +0500] "GET / HTTP/1.0" 200 1660 "-" "Mozilla/5.0 (Windows NT 10.0; Win64; x64; rv:64.0) Gecko/20100101 Firefox/64.0"
94.51.214.223 - - [14/Mar/2019:08:07:50 +0500] "GET /forum/index.php?board=5.0 HTTP/1.0" 503 747 "http://kdenisb.org/" "Mozilla/5.0 (Windows NT 10.0; Win64; x64; rv:64.0) Gecko/20100101 Firefox/64.0"
66.249.64.128 - - [14/Mar/2019:08:19:59 +0500] "GET / HTTP/1.0" 200 1660 "-" "Mozilla/5.0 (Linux; Android 6.0.1; Nexus 5X Build/MMB29P) AppleWebKit/537.36 (KHTML, like Gecko) Chrome/41.0.2272.96 Mobile Safari/537.36 (compatible; Googlebot/2.1; +http://www.google.com/bot.html)"
178.171.50.128 - - [14/Mar/2019:08:23:58 +0500] "GET / HTTP/1.0" 200 1660 "-" "Mozilla/5.0 (Macintosh; Intel Mac OS X 10_12_5) AppleWebKit/537.36 (KHTML, like Gecko) Chrome/58.0.3029.110 Safari/537.36"
218.30.103.30 - - [14/Mar/2019:08:32:49 +0500] "GET /robots.txt HTTP/1.0" 404 469 "-" "Sogou web spider/4.0(+http://www.sogou.com/docs/help/webmasters.htm#07)"
117.0.176.56 - - [14/Mar/2019:08:34:53 +0500] "GET / HTTP/1.0" 200 3472 "-" "Mozilla/5.0 (Windows; U; Windows NT 5.1; en-US; rv:x.x.x) Gecko/20041107 Firefox/x.x"
94.51.214.223 - - [14/Mar/2019:08:36:21 +0500] "GET / HTTP/1.0" 200 1660 "-" "Mozilla/5.0 (Windows NT 10.0; Win64; x64; rv:64.0) Gecko/20100101 Firefox/64.0"
94.51.214.223 - - [14/Mar/2019:08:36:23 +0500] "GET /tp/proc_yls.pdf HTTP/1.0" 206 65844 "http://kdenisb.org/" "Mozilla/5.0 (Windows NT 10.0; Win64; x64; rv:64.0) Gecko/20100101 Firefox/64.0"
218.30.103.30 - - [14/Mar/2019:09:02:15 +0500] "GET / HTTP/1.0" 200 1660 "-" "Sogou web spider/4.0(+http://www.sogou.com/docs/help/webmasters.htm#07)"
66.249.64.29 - - [14/Mar/2019:09:09:48 +0500] "GET /robots.txt HTTP/1.0" 404 469 "-" "Mozilla/5.0 (compatible; Googlebot/2.1; +http://www.google.com/bot.html)"
66.249.64.29 - - [14/Mar/2019:09:09:48 +0500] "GET / HTTP/1.0" 200 1660 "-" "Mozilla/5.0 (Linux; Android 6.0.1; Nexus 5X Build/MMB29P) AppleWebKit/537.36 (KHTML, like Gecko) Chrome/41.0.2272.96 Mobile Safari/537.36 (compatible; Googlebot/2.1; +http://www.google.com/bot.html)"
46.146.36.40 - - [14/Mar/2019:09:12:03 +0500] "GET /favicon.ico HTTP/1.0" 404 470 "http://www.kdenisb.org/" "Mozilla/5.0 (Linux; Android 8.1.0; Mi Note 3) AppleWebKit/537.36 (KHTML, like Gecko) Chrome/72.0.3626.121 Mobile Safari/537.36"
117.0.176.56 - - [14/Mar/2019:09:26:48 +0500] "GET / HTTP/1.0" 200 3472 "-" "Mozilla/5.0 (Windows; U; Windows NT 5.1; en-US; rv:x.x.x) Gecko/20041107 Firefox/x.x"
157.55.39.25 - - [14/Mar/2019:09:49:53 +0500] "GET /robots.txt HTTP/1.0" 404 465 "-" "Mozilla/5.0 (compatible; bingbot/2.0; +http://www.bing.com/bingbot.htm)"
157.55.39.106 - - [14/Mar/2019:09:49:58 +0500] "GET / HTTP/1.0" 200 1660 "-" "Mozilla/5.0 (compatible; bingbot/2.0; +http://www.bing.com/bingbot.htm)"
106.120.188.157 - - [14/Mar/2019:10:06:26 +0500] "GET / HTTP/1.0" 200 1660 "http://www.sogou.com/web?query=site%3Awww.kdenisb.org" "Mozilla/4.0 (compatible; MSIE 7.0; Windows NT 5.1; Trident/4.0; SE 2.X MetaSr 1.0; SE 2.X MetaSr 1.0; .NET CLR 2.0.50727; SE 2.X MetaSr 1.0)"
95.163.255.161 - - [14/Mar/2019:10:06:36 +0500] "GET /robots.txt HTTP/1.0" 404 465 "-" "Mozilla/5.0 (compatible; Linux x86_64; Mail.RU_Bot/2.0; +http://go.mail.ru/help/robots)"
95.163.255.167 - - [14/Mar/2019:10:06:38 +0500] "GET /forum/index.php?action=.xml;type=rss HTTP/1.0" 503 747 "-" "Mozilla/5.0 (compatible; Linux x86_64; Mail.RU_Bot/2.0; +http://go.mail.ru/help/robots)"
117.0.176.56 - - [14/Mar/2019:10:12:28 +0500] "GET / HTTP/1.0" 200 3472 "-" "Mozilla/5.0 (Windows; U; Windows NT 5.1; en-US; rv:x.x.x) Gecko/20041107 Firefox/x.x"
180.76.15.8 - - [14/Mar/2019:10:25:29 +0500] "GET /pp/sim_posix.c HTTP/1.0" 200 1339 "-" "Mozilla/5.0 (compatible; Baiduspider/2.0; +http://www.baidu.com/search/spider.html)"
157.55.39.106 - - [14/Mar/2019:10:32:10 +0500] "GET / HTTP/1.0" 200 1660 "-" "Mozilla/5.0 (compatible; bingbot/2.0; +http://www.bing.com/bingbot.htm)"
13.66.139.0 - - [14/Mar/2019:10:34:20 +0500] "GET /spolabs.pdf HTTP/1.0" 200 301838 "-" "Mozilla/5.0 (compatible; bingbot/2.0; +http://www.bing.com/bingbot.htm)"
188.68.48.243 - - [14/Mar/2019:10:40:07 +0500] "GET / HTTP/1.0" 200 3472 "-" "Mozilla/5.0 (Windows NT 10.0; Win64; x64) AppleWebKit/537.36 (KHTML, like Gecko) Chrome/58.0.3029.110 Safari/537.36"
188.68.48.243 - - [14/Mar/2019:10:40:12 +0500] "GET / HTTP/1.0" 200 3472 "-" "Mozilla/5.0 (Windows NT 10.0; Win64; x64) AppleWebKit/537.36 (KHTML, like Gecko) Chrome/58.0.3029.110 Safari/537.36"
117.0.176.56 - - [14/Mar/2019:10:58:09 +0500] "GET / HTTP/1.0" 200 3472 "-" "Mozilla/5.0 (Windows; U; Windows NT 5.1; en-US; rv:x.x.x) Gecko/20041107 Firefox/x.x"
199.229.249.163 - - [14/Mar/2019:11:23:57 +0500] "GET http://177.148.153.196:7981/4hbvkvtnsqykr66f3og31t9 HTTP/1.1" 400 282 "-" "Mozilla/5.0 (Windows; U; Windows NT 5.1; pt-BR; rv:1.9.1.3) Gecko/20090824 Firefox/3.5.3 (.NET CLR 3.5.30729)"
213.87.249.7 - - [14/Mar/2019:11:33:17 +0500] "GET / HTTP/1.0" 200 1660 "-" "Mozilla/5.0 (Windows NT 6.3; Win64; x64; rv:65.0) Gecko/20100101 Firefox/65.0"
213.87.249.7 - - [14/Mar/2019:11:33:17 +0500] "GET /favicon.ico HTTP/1.0" 404 466 "-" "Mozilla/5.0 (Windows NT 6.3; Win64; x64; rv:65.0) Gecko/20100101 Firefox/65.0"
213.87.249.7 - - [14/Mar/2019:11:33:23 +0500] "GET /fp/fp_labs_v_1.pdf HTTP/1.0" 200 316120 "http://kdenisb.org/" "Mozilla/5.0 (Windows NT 6.3; Win64; x64; rv:65.0) Gecko/20100101 Firefox/65.0"
213.87.249.7 - - [14/Mar/2019:11:33:25 +0500] "GET /fp/fp_labs_v_1.pdf HTTP/1.0" 206 65844 "http://kdenisb.org/" "Mozilla/5.0 (Windows NT 6.3; Win64; x64; rv:65.0) Gecko/20100101 Firefox/65.0"
128.69.54.86 - - [14/Mar/2019:11:34:52 +0500] "GET /favicon.ico HTTP/1.0" 404 466 "http://kdenisb.org/" "Mozilla/5.0 (Windows NT 6.1; WOW64) AppleWebKit/537.36 (KHTML, like Gecko) Chrome/72.0.3626.109 YaBrowser/19.3.0.2485 Yowser/2.5 Safari/537.36"
176.59.213.39 - - [14/Mar/2019:11:40:08 +0500] "GET / HTTP/1.0" 200 1660 "-" "Mozilla/5.0 (Linux; Android 8.1.0; ZC553KL Build/OPM1.171019.011) AppleWebKit/537.36 (KHTML, like Gecko) Chrome/68.0.3440.91 Mobile Safari/537.36"
176.59.213.39 - - [14/Mar/2019:11:40:12 +0500] "GET /favicon.ico HTTP/1.0" 404 466 "http://kdenisb.org/" "Mozilla/5.0 (Linux; Android 8.1.0; ZC553KL Build/OPM1.171019.011) AppleWebKit/537.36 (KHTML, like Gecko) Chrome/68.0.3440.91 Mobile Safari/537.36"
176.59.213.39 - - [14/Mar/2019:11:40:17 +0500] "GET /fp/prez-2.97.pdf HTTP/1.0" 200 1056668 "http://kdenisb.org/" "Mozilla/5.0 (Linux; Android 8.1.0; ZC553KL Build/OPM1.171019.011) AppleWebKit/537.36 (KHTML, like Gecko) Chrome/68.0.3440.91 Mobile Safari/537.36"
216.244.66.200 - - [14/Mar/2019:11:40:19 +0500] "GET /robots.txt HTTP/1.0" 404 465 "-" "Mozilla/5.0 (compatible; DotBot/1.1; http://www.opensiteexplorer.org/dotbot, help@moz.com)"
217.118.83.195 - - [14/Mar/2019:11:44:16 +0500] "GET / HTTP/1.0" 200 1660 "-" "Mozilla/5.0 (Windows NT 10.0; Win64; x64) AppleWebKit/537.36 (KHTML, like Gecko) Chrome/72.0.3626.121 Safari/537.36"
217.118.83.195 - - [14/Mar/2019:11:44:25 +0500] "GET /favicon.ico HTTP/1.0" 404 466 "http://kdenisb.org/" "Mozilla/5.0 (Windows NT 10.0; Win64; x64) AppleWebKit/537.36 (KHTML, like Gecko) Chrome/72.0.3626.121 Safari/537.36"
217.118.83.195 - - [14/Mar/2019:11:44:50 +0500] "GET /fp/fp_labs_v_1.pdf HTTP/1.0" 200 316120 "http://kdenisb.org/" "Mozilla/5.0 (Windows NT 10.0; Win64; x64) AppleWebKit/537.36 (KHTML, like Gecko) Chrome/72.0.3626.121 Safari/537.36"
95.163.255.195 - - [14/Mar/2019:11:46:15 +0500] "GET /robots.txt HTTP/1.0" 404 465 "-" "Mozilla/5.0 (compatible; Linux x86_64; Mail.RU_Bot/2.0; +http://go.mail.ru/help/robots)"
95.163.255.168 - - [14/Mar/2019:11:46:16 +0500] "GET /forum/index.php?prev_next=next;topic=5.0 HTTP/1.0" 503 747 "-" "Mozilla/5.0 (compatible; Linux x86_64; Mail.RU_Bot/2.0; +http://go.mail.ru/help/robots)"
117.0.176.56 - - [14/Mar/2019:11:54:59 +0500] "GET / HTTP/1.0" 200 3472 "-" "Mozilla/5.0 (Windows; U; Windows NT 5.1; en-US; rv:x.x.x) Gecko/20041107 Firefox/x.x"
60.217.72.16 - - [14/Mar/2019:12:03:41 +0500] "HEAD / HTTP/1.0" 200 272 "-" "-"
60.217.72.16 - - [14/Mar/2019:12:03:42 +0500] "GET / HTTP/1.0" 200 1660 "-" "Mozilla/5.0 (Windows NT 6.3; WOW64; rv:47.0) Gecko/20100101 Firefox/47.0"
216.244.66.200 - - [14/Mar/2019:12:27:55 +0500] "GET /robots.txt HTTP/1.0" 404 465 "-" "Mozilla/5.0 (compatible; DotBot/1.1; http://www.opensiteexplorer.org/dotbot, help@moz.com)"
117.0.176.56 - - [14/Mar/2019:12:35:54 +0500] "GET / HTTP/1.0" 200 3472 "-" "Mozilla/5.0 (Windows; U; Windows NT 5.1; en-US; rv:x.x.x) Gecko/20041107 Firefox/x.x"
31.207.47.74 - - [14/Mar/2019:12:39:17 +0500] "\x03\x00\x00/*\xE0\x00\x00\x00\x00\x00Cookie: mstshash=Administr" 400 172 "-" "-"
91.189.112.7 - - [14/Mar/2019:12:41:29 +0500] "GET / HTTP/1.0" 200 3472 "-" "Mozilla/5.0 (Macintosh; Intel Mac OS X 10_11_3) AppleWebKit/601.4.4 (KHTML, like Gecko) Version/9.0.3 Safari/601.4.4"
195.19.164.196 - - [14/Mar/2019:12:48:38 +0500] "GET / HTTP/1.0" 200 1660 "-" "Mozilla/5.0 (Windows NT 6.1; WOW64) AppleWebKit/537.36 (KHTML, like Gecko) Chrome/72.0.3626.109 YaBrowser/19.3.0.2485 Yowser/2.5 Safari/537.36"
195.19.164.196 - - [14/Mar/2019:12:48:39 +0500] "GET /favicon.ico HTTP/1.0" 404 470 "-" "Mozilla/5.0 (Windows NT 6.1; WOW64) AppleWebKit/537.36 (KHTML, like Gecko) Chrome/72.0.3626.109 YaBrowser/19.3.0.2485 Yowser/2.5 Safari/537.36"
195.19.164.196 - - [14/Mar/2019:12:48:40 +0500] "GET /favicon.ico HTTP/1.0" 404 470 "http://www.kdenisb.org/" "Mozilla/5.0 (Windows NT 6.1; WOW64) AppleWebKit/537.36 (KHTML, like Gecko) Chrome/72.0.3626.109 YaBrowser/19.3.0.2485 Yowser/2.5 Safari/537.36"
176.59.213.82 - - [14/Mar/2019:12:53:34 +0500] "GET / HTTP/1.0" 200 1660 "android-app://com.google.android.googlequicksearchbox/https/www.google.com" "Mozilla/5.0 (Linux; Android 8.1.0; SM-J710F) AppleWebKit/537.36 (KHTML, like Gecko) Chrome/72.0.3626.121 Mobile Safari/537.36"
176.59.213.82 - - [14/Mar/2019:12:53:37 +0500] "GET /favicon.ico HTTP/1.0" 404 466 "http://kdenisb.org/" "Mozilla/5.0 (Linux; Android 8.1.0; SM-J710F) AppleWebKit/537.36 (KHTML, like Gecko) Chrome/72.0.3626.121 Mobile Safari/537.36"
176.59.213.82 - - [14/Mar/2019:12:53:45 +0500] "GET /fp/fp_labs_v_1.pdf HTTP/1.0" 200 316120 "http://kdenisb.org/" "Mozilla/5.0 (Linux; Android 8.1.0; SM-J710F) AppleWebKit/537.36 (KHTML, like Gecko) Chrome/72.0.3626.121 Mobile Safari/537.36"
46.146.68.199 - - [14/Mar/2019:12:58:07 +0500] "GET /favicon.ico HTTP/1.0" 404 466 "http://kdenisb.org/" "Mozilla/5.0 (Windows NT 10.0; Win64; x64) AppleWebKit/537.36 (KHTML, like Gecko) Chrome/72.0.3626.121 Safari/537.36"
216.244.66.200 - - [14/Mar/2019:13:15:30 +0500] "GET /robots.txt HTTP/1.0" 404 469 "-" "Mozilla/5.0 (compatible; DotBot/1.1; http://www.opensiteexplorer.org/dotbot, help@moz.com)"
216.244.66.200 - - [14/Mar/2019:13:15:30 +0500] "GET /robots.txt HTTP/1.0" 404 465 "-" "Mozilla/5.0 (compatible; DotBot/1.1; http://www.opensiteexplorer.org/dotbot, help@moz.com)"
195.19.164.196 - - [14/Mar/2019:13:15:57 +0500] "GET / HTTP/1.0" 200 1660 "-" "Mozilla/5.0 (Windows NT 10.0; Win64; x64) AppleWebKit/537.36 (KHTML, like Gecko) Chrome/72.0.3626.121 Safari/537.36"
195.19.164.196 - - [14/Mar/2019:13:16:02 +0500] "GET /fp/fp_labs_v_1.pdf HTTP/1.0" 200 316120 "http://kdenisb.org/" "Mozilla/5.0 (Windows NT 10.0; Win64; x64) AppleWebKit/537.36 (KHTML, like Gecko) Chrome/72.0.3626.121 Safari/537.36"
195.19.164.196 - - [14/Mar/2019:13:16:03 +0500] "GET /favicon.ico HTTP/1.0" 404 466 "http://kdenisb.org/fp/fp_labs_v_1.pdf" "Mozilla/5.0 (Windows NT 10.0; Win64; x64) AppleWebKit/537.36 (KHTML, like Gecko) Chrome/72.0.3626.121 Safari/537.36"
95.163.255.155 - - [14/Mar/2019:13:16:12 +0500] "GET /robots.txt HTTP/1.0" 404 465 "-" "Mozilla/5.0 (compatible; Linux x86_64; Mail.RU_Bot/2.0; +http://go.mail.ru/help/robots)"
95.163.255.177 - - [14/Mar/2019:13:16:20 +0500] "GET /forum/index.php?wap2 HTTP/1.0" 503 747 "-" "Mozilla/5.0 (compatible; Linux x86_64; Mail.RU_Bot/2.0; +http://go.mail.ru/help/robots)"
195.19.164.196 - - [14/Mar/2019:13:21:07 +0500] "GET / HTTP/1.0" 200 1660 "https://www.google.com/" "Mozilla/5.0 (Windows NT 6.3) AppleWebKit/537.36 (KHTML, like Gecko) Chrome/72.0.3626.121 Safari/537.36"
195.19.164.196 - - [14/Mar/2019:13:21:10 +0500] "GET /favicon.ico HTTP/1.0" 404 470 "http://www.kdenisb.org/" "Mozilla/5.0 (Windows NT 6.3) AppleWebKit/537.36 (KHTML, like Gecko) Chrome/72.0.3626.121 Safari/537.36"
195.19.164.196 - - [14/Mar/2019:13:21:14 +0500] "GET /fp/prez-2.97.pdf HTTP/1.0" 200 1056668 "http://www.kdenisb.org/" "Mozilla/5.0 (Windows NT 6.3) AppleWebKit/537.36 (KHTML, like Gecko) Chrome/72.0.3626.121 Safari/537.36"
195.19.164.196 - - [14/Mar/2019:13:22:13 +0500] "GET / HTTP/1.0" 200 1660 "-" "Mozilla/5.0 (Windows NT 6.3) AppleWebKit/537.36 (KHTML, like Gecko) Chrome/72.0.3626.121 Safari/537.36"
117.0.176.56 - - [14/Mar/2019:13:22:37 +0500] "GET / HTTP/1.0" 200 3472 "-" "Mozilla/5.0 (Windows; U; Windows NT 5.1; en-US; rv:x.x.x) Gecko/20041107 Firefox/x.x"
195.19.164.196 - - [14/Mar/2019:13:22:37 +0500] "GET /favicon.ico HTTP/1.0" 404 466 "http://kdenisb.org/fp/fp_labs_v_1.pdf" "Mozilla/5.0 (Windows NT 6.3) AppleWebKit/537.36 (KHTML, like Gecko) Chrome/72.0.3626.121 Safari/537.36"
176.59.204.130 - - [14/Mar/2019:13:27:04 +0500] "GET / HTTP/1.0" 200 1660 "-" "Mozilla/5.0 (Windows NT 10.0; Win64; x64) AppleWebKit/537.36 (KHTML, like Gecko) Chrome/72.0.3626.121 Safari/537.36"
176.59.204.130 - - [14/Mar/2019:13:27:04 +0500] "GET /robots.txt HTTP/1.0" 404 465 "-" "Mozilla/5.0 (Windows NT 10.0; Win64; x64) AppleWebKit/537.36 (KHTML, like Gecko) Chrome/72.0.3626.121 Safari/537.36"
195.19.164.196 - - [14/Mar/2019:13:37:41 +0500] "GET / HTTP/1.0" 200 1660 "https://www.google.com/" "Mozilla/5.0 (Windows NT 6.3) AppleWebKit/537.36 (KHTML, like Gecko) Chrome/72.0.3626.121 Safari/537.36"
195.19.164.196 - - [14/Mar/2019:13:37:44 +0500] "GET /favicon.ico HTTP/1.0" 404 470 "http://www.kdenisb.org/" "Mozilla/5.0 (Windows NT 6.3) AppleWebKit/537.36 (KHTML, like Gecko) Chrome/72.0.3626.121 Safari/537.36"
195.19.164.196 - - [14/Mar/2019:13:37:51 +0500] "GET /favicon.ico HTTP/1.0" 404 470 "http://www.kdenisb.org/" "Mozilla/5.0 (Windows NT 6.3) AppleWebKit/537.36 (KHTML, like Gecko) Chrome/72.0.3626.121 Safari/537.36"
195.19.164.196 - - [14/Mar/2019:13:37:53 +0500] "GET /fp/fp_labs_v_1.pdf HTTP/1.0" 200 316120 "http://www.kdenisb.org/" "Mozilla/5.0 (Windows NT 6.3) AppleWebKit/537.36 (KHTML, like Gecko) Chrome/72.0.3626.121 Safari/537.36"
85.140.76.163 - - [14/Mar/2019:13:42:33 +0500] "GET / HTTP/1.0" 200 1660 "-" "Mozilla/5.0 (iPhone; CPU iPhone OS 12_1 like Mac OS X) AppleWebKit/605.1.15 (KHTML, like Gecko) Version/12.0 Mobile/15E148 Safari/604.1"
195.19.164.196 - - [14/Mar/2019:13:42:44 +0500] "GET / HTTP/1.0" 200 1660 "-" "Mozilla/5.0 (Windows NT 6.3) AppleWebKit/537.36 (KHTML, like Gecko) Chrome/72.0.3626.121 Safari/537.36"
195.19.164.196 - - [14/Mar/2019:13:42:47 +0500] "GET /fp/prez-2.97.pdf HTTP/1.0" 200 1056668 "http://kdenisb.org/" "Mozilla/5.0 (iPhone; CPU iPhone OS 12_1 like Mac OS X) AppleWebKit/605.1.15 (KHTML, like Gecko) Version/12.0 Mobile/15E148 Safari/604.1"
195.19.164.196 - - [14/Mar/2019:13:42:47 +0500] "GET /favicon.ico HTTP/1.0" 404 466 "http://kdenisb.org/" "Mozilla/5.0 (Windows NT 6.3) AppleWebKit/537.36 (KHTML, like Gecko) Chrome/72.0.3626.121 Safari/537.36"
195.19.164.196 - - [14/Mar/2019:13:42:51 +0500] "GET /favicon.ico HTTP/1.0" 404 466 "http://kdenisb.org/fp/prez-2.97.pdf" "Mozilla/5.0 (iPhone; CPU iPhone OS 12_1 like Mac OS X) AppleWebKit/605.1.15 (KHTML, like Gecko) Version/12.0 Mobile/15E148 Safari/604.1"
195.19.164.196 - - [14/Mar/2019:13:42:52 +0500] "GET /fp/prez-2.97.pdf HTTP/1.0" 200 1056668 "http://kdenisb.org/" "Mozilla/5.0 (Windows NT 6.3) AppleWebKit/537.36 (KHTML, like Gecko) Chrome/72.0.3626.121 Safari/537.36"
195.19.164.196 - - [14/Mar/2019:13:45:52 +0500] "GET / HTTP/1.0" 200 1660 "http://away.vk.com/away.php" "Mozilla/5.0 (Windows NT 10.0; Win64; x64) AppleWebKit/537.36 (KHTML, like Gecko) Chrome/72.0.3626.121 Safari/537.36"
109.208.181.182 - - [14/Mar/2019:13:46:50 +0500] "POST /GponForm/diag_Form?style/ HTTP/1.1" 400 183 "-" "Hello, World"
195.19.164.196 - - [14/Mar/2019:13:50:49 +0500] "GET /fp/tic_fp.pdf HTTP/1.0" 200 20055 "http://kdenisb.org/" "Mozilla/5.0 (Windows NT 6.3) AppleWebKit/537.36 (KHTML, like Gecko) Chrome/72.0.3626.121 Safari/537.36"
176.59.204.130 - - [14/Mar/2019:14:00:56 +0500] "GET / HTTP/1.0" 200 1660 "-" "Mozilla/5.0 (Windows NT 10.0; Win64; x64) AppleWebKit/537.36 (KHTML, like Gecko) Chrome/72.0.3626.121 Safari/537.36"
176.59.204.130 - - [14/Mar/2019:14:00:56 +0500] "GET /robots.txt HTTP/1.0" 404 465 "-" "Mozilla/5.0 (Windows NT 10.0; Win64; x64) AppleWebKit/537.36 (KHTML, like Gecko) Chrome/72.0.3626.121 Safari/537.36"
176.59.204.130 - - [14/Mar/2019:14:00:58 +0500] "GET /favicon.ico HTTP/1.0" 404 466 "http://kdenisb.org/" "Mozilla/5.0 (Windows NT 10.0; Win64; x64) AppleWebKit/537.36 (KHTML, like Gecko) Chrome/72.0.3626.121 Safari/537.36"
176.59.204.130 - - [14/Mar/2019:14:01:02 +0500] "GET /fp/fp_labs_v_1.pdf HTTP/1.0" 200 316120 "http://kdenisb.org/" "Mozilla/5.0 (Windows NT 10.0; Win64; x64) AppleWebKit/537.36 (KHTML, like Gecko) Chrome/72.0.3626.121 Safari/537.36"
216.244.66.200 - - [14/Mar/2019:14:03:12 +0500] "GET /robots.txt HTTP/1.0" 404 465 "-" "Mozilla/5.0 (compatible; DotBot/1.1; http://www.opensiteexplorer.org/dotbot, help@moz.com)"
195.19.164.196 - - [14/Mar/2019:14:07:19 +0500] "GET / HTTP/1.0" 200 1660 "-" "Mozilla/5.0 (Windows NT 10.0; Win64; x64) AppleWebKit/537.36 (KHTML, like Gecko) Chrome/72.0.3626.121 Safari/537.36"
195.19.164.196 - - [14/Mar/2019:14:07:34 +0500] "GET /fp/prez-2.97.pdf HTTP/1.0" 200 1056668 "http://kdenisb.org/" "Mozilla/5.0 (Windows NT 10.0; Win64; x64) AppleWebKit/537.36 (KHTML, like Gecko) Chrome/72.0.3626.121 Safari/537.36"
195.19.164.196 - - [14/Mar/2019:14:10:55 +0500] "GET / HTTP/1.0" 200 1660 "-" "Mozilla/5.0 (Windows NT 6.3) AppleWebKit/537.36 (KHTML, like Gecko) Chrome/72.0.3626.121 Safari/537.36"
195.19.164.196 - - [14/Mar/2019:14:10:58 +0500] "GET /favicon.ico HTTP/1.0" 404 466 "http://kdenisb.org/" "Mozilla/5.0 (Windows NT 6.3) AppleWebKit/537.36 (KHTML, like Gecko) Chrome/72.0.3626.121 Safari/537.36"
37.79.128.168 - - [14/Mar/2019:14:16:57 +0500] "GET / HTTP/1.0" 200 1660 "-" "Mozilla/5.0 (iPhone; CPU iPhone OS 11_4_1 like Mac OS X) AppleWebKit/605.1.15 (KHTML, like Gecko) Version/11.0 Mobile/15E148 Safari/604.1"
37.79.128.168 - - [14/Mar/2019:14:16:57 +0500] "GET /apple-touch-icon-120x120-precomposed.png HTTP/1.0" 404 495 "-" "MobileSafari/604.1 CFNetwork/902.2 Darwin/17.7.0"
37.79.128.168 - - [14/Mar/2019:14:16:57 +0500] "GET /apple-touch-icon-120x120.png HTTP/1.0" 404 483 "-" "MobileSafari/604.1 CFNetwork/902.2 Darwin/17.7.0"
37.79.128.168 - - [14/Mar/2019:14:16:57 +0500] "GET /apple-touch-icon-precomposed.png HTTP/1.0" 404 487 "-" "MobileSafari/604.1 CFNetwork/902.2 Darwin/17.7.0"
37.79.128.168 - - [14/Mar/2019:14:16:57 +0500] "GET /apple-touch-icon.png HTTP/1.0" 404 475 "-" "MobileSafari/604.1 CFNetwork/902.2 Darwin/17.7.0"
37.79.128.168 - - [14/Mar/2019:14:16:57 +0500] "GET /favicon.ico HTTP/1.0" 404 466 "-" "MobileSafari/604.1 CFNetwork/902.2 Darwin/17.7.0"
37.79.128.168 - - [14/Mar/2019:14:16:57 +0500] "GET /apple-touch-icon-120x120-precomposed.png HTTP/1.0" 404 495 "-" "MobileSafari/604.1 CFNetwork/902.2 Darwin/17.7.0"
37.79.128.168 - - [14/Mar/2019:14:16:57 +0500] "GET /apple-touch-icon-120x120.png HTTP/1.0" 404 483 "-" "MobileSafari/604.1 CFNetwork/902.2 Darwin/17.7.0"
37.79.128.168 - - [14/Mar/2019:14:16:57 +0500] "GET /apple-touch-icon-precomposed.png HTTP/1.0" 404 487 "-" "MobileSafari/604.1 CFNetwork/902.2 Darwin/17.7.0"
37.79.128.168 - - [14/Mar/2019:14:16:58 +0500] "GET /apple-touch-icon.png HTTP/1.0" 404 475 "-" "MobileSafari/604.1 CFNetwork/902.2 Darwin/17.7.0"
37.79.128.168 - - [14/Mar/2019:14:16:58 +0500] "GET /favicon.ico HTTP/1.0" 404 466 "-" "MobileSafari/604.1 CFNetwork/902.2 Darwin/17.7.0"
117.0.176.56 - - [14/Mar/2019:14:18:42 +0500] "GET / HTTP/1.0" 200 3472 "-" "Mozilla/5.0 (Windows; U; Windows NT 5.1; en-US; rv:x.x.x) Gecko/20041107 Firefox/x.x"
195.19.164.196 - - [14/Mar/2019:14:23:05 +0500] "GET / HTTP/1.0" 200 1660 "-" "Mozilla/5.0 (Windows NT 10.0; Win64; x64) AppleWebKit/537.36 (KHTML, like Gecko) Chrome/72.0.3626.121 Safari/537.36"
195.19.164.196 - - [14/Mar/2019:14:23:06 +0500] "GET / HTTP/1.0" 200 1660 "-" "Mozilla/5.0 (Windows NT 10.0; WOW64) AppleWebKit/537.36 (KHTML, like Gecko) Chrome/72.0.3626.109 YaBrowser/19.3.0.2485 Yowser/2.5 Safari/537.36"
195.19.164.196 - - [14/Mar/2019:14:23:07 +0500] "GET /favicon.ico HTTP/1.0" 404 466 "http://kdenisb.org/" "Mozilla/5.0 (Windows NT 10.0; Win64; x64) AppleWebKit/537.36 (KHTML, like Gecko) Chrome/72.0.3626.121 Safari/537.36"
195.19.164.196 - - [14/Mar/2019:14:23:08 +0500] "GET /favicon.ico HTTP/1.0" 404 466 "http://kdenisb.org/" "Mozilla/5.0 (Windows NT 10.0; WOW64) AppleWebKit/537.36 (KHTML, like Gecko) Chrome/72.0.3626.109 YaBrowser/19.3.0.2485 Yowser/2.5 Safari/537.36"
195.19.164.196 - - [14/Mar/2019:14:23:09 +0500] "GET /fp/fp_labs_v_1.pdf HTTP/1.0" 200 316120 "http://kdenisb.org/" "Mozilla/5.0 (Windows NT 10.0; Win64; x64) AppleWebKit/537.36 (KHTML, like Gecko) Chrome/72.0.3626.121 Safari/537.36"
195.19.164.196 - - [14/Mar/2019:14:23:37 +0500] "GET / HTTP/1.0" 200 1660 "-" "Mozilla/5.0 (Windows NT 6.3) AppleWebKit/537.36 (KHTML, like Gecko) Chrome/72.0.3626.121 Safari/537.36"
176.59.204.130 - - [14/Mar/2019:14:37:11 +0500] "GET /fp/fp_labs_v_1.pdf HTTP/1.0" 200 316120 "http://kdenisb.org/" "Mozilla/5.0 (Windows NT 10.0; Win64; x64) AppleWebKit/537.36 (KHTML, like Gecko) Chrome/72.0.3626.121 Safari/537.36"
176.59.204.130 - - [14/Mar/2019:14:37:11 +0500] "GET /favicon.ico HTTP/1.0" 404 466 "http://kdenisb.org/fp/fp_labs_v_1.pdf" "Mozilla/5.0 (Windows NT 10.0; Win64; x64) AppleWebKit/537.36 (KHTML, like Gecko) Chrome/72.0.3626.121 Safari/537.36"
216.244.66.200 - - [14/Mar/2019:14:49:16 +0500] "GET /robots.txt HTTP/1.0" 404 465 "-" "Mozilla/5.0 (compatible; DotBot/1.1; http://www.opensiteexplorer.org/dotbot, help@moz.com)"
95.163.255.171 - - [14/Mar/2019:14:53:29 +0500] "GET /robots.txt HTTP/1.0" 404 465 "-" "Mozilla/5.0 (compatible; Linux x86_64; Mail.RU_Bot/2.0; +http://go.mail.ru/help/robots)"
95.163.255.176 - - [14/Mar/2019:14:53:30 +0500] "GET /forum/index.php?prev_next=next;topic=6.0 HTTP/1.0" 503 747 "-" "Mozilla/5.0 (compatible; Linux x86_64; Mail.RU_Bot/2.0; +http://go.mail.ru/help/robots)"
117.0.176.56 - - [14/Mar/2019:14:55:13 +0500] "GET / HTTP/1.0" 200 3472 "-" "Mozilla/5.0 (Windows; U; Windows NT 5.1; en-US; rv:x.x.x) Gecko/20041107 Firefox/x.x"
180.76.15.7 - - [14/Mar/2019:14:56:47 +0500] "GET /mt/mt_lections_2011.pdf HTTP/1.0" 200 305137 "-" "Mozilla/5.0 (compatible; Baiduspider/2.0; +http://www.baidu.com/search/spider.html)"
180.76.15.12 - - [14/Mar/2019:15:30:07 +0500] "GET /lections_2007.pdf HTTP/1.0" 200 895398 "-" "Mozilla/5.0 (compatible; Baiduspider/2.0; +http://www.baidu.com/search/spider.html)"
106.38.241.124 - - [14/Mar/2019:15:32:36 +0500] "GET /robots.txt HTTP/1.0" 404 469 "-" "Sogou web spider/4.0(+http://www.sogou.com/docs/help/webmasters.htm#07)"
106.38.241.124 - - [14/Mar/2019:15:34:00 +0500] "GET / HTTP/1.0" 200 1660 "-" "Sogou web spider/4.0(+http://www.sogou.com/docs/help/webmasters.htm#07)"
117.0.176.56 - - [14/Mar/2019:15:55:38 +0500] "GET / HTTP/1.0" 200 3472 "-" "Mozilla/5.0 (Windows; U; Windows NT 5.1; en-US; rv:x.x.x) Gecko/20041107 Firefox/x.x"
106.120.173.133 - - [14/Mar/2019:16:09:19 +0500] "GET /robots.txt HTTP/1.0" 404 465 "-" "Sogou web spider/4.0(+http://www.sogou.com/docs/help/webmasters.htm#07)"
216.244.66.200 - - [14/Mar/2019:16:21:14 +0500] "GET /robots.txt HTTP/1.0" 404 465 "-" "Mozilla/5.0 (compatible; DotBot/1.1; http://www.opensiteexplorer.org/dotbot, help@moz.com)"
157.55.39.21 - - [14/Mar/2019:16:21:21 +0500] "GET /robots.txt HTTP/1.0" 404 469 "-" "Mozilla/5.0 (compatible; bingbot/2.0; +http://www.bing.com/bingbot.htm)"
40.77.167.164 - - [14/Mar/2019:16:21:26 +0500] "GET / HTTP/1.0" 200 1660 "-" "Mozilla/5.0 (compatible; bingbot/2.0; +http://www.bing.com/bingbot.htm)"
106.120.173.133 - - [14/Mar/2019:16:21:40 +0500] "GET / HTTP/1.0" 200 1660 "-" "Sogou web spider/4.0(+http://www.sogou.com/docs/help/webmasters.htm#07)"
31.162.3.210 - - [14/Mar/2019:16:21:53 +0500] "GET / HTTP/1.0" 200 1660 "-" "Mozilla/5.0 (Windows NT 10.0; Win64; x64) AppleWebKit/537.36 (KHTML, like Gecko) Chrome/64.0.3282.140 Safari/537.36 Edge/17.17134"
117.0.176.56 - - [14/Mar/2019:16:40:52 +0500] "GET / HTTP/1.0" 200 3472 "-" "Mozilla/5.0 (Windows; U; Windows NT 5.1; en-US; rv:x.x.x) Gecko/20041107 Firefox/x.x"
66.102.9.31 - - [14/Mar/2019:16:41:00 +0500] "GET / HTTP/1.0" 200 1660 "-" "Mozilla/5.0 (X11; Linux x86_64) AppleWebKit/537.36 (KHTML, like Gecko) Chrome/49.0.2623.75 Safari/537.36 Google Favicon"
66.102.9.31 - - [14/Mar/2019:16:41:00 +0500] "GET /favicon.ico HTTP/1.0" 404 466 "-" "Mozilla/5.0 (X11; Linux x86_64) AppleWebKit/537.36 (KHTML, like Gecko) Chrome/49.0.2623.75 Safari/537.36 Google Favicon"
37.112.13.211 - - [14/Mar/2019:16:47:53 +0500] "GET /favicon.ico HTTP/1.0" 404 466 "-" "Mozilla/5.0 (Windows NT 10.0; WOW64) AppleWebKit/537.36 (KHTML, like Gecko) Chrome/72.0.3626.109 YaBrowser/19.3.0.2485 Yowser/2.5 Safari/537.36"
37.112.13.211 - - [14/Mar/2019:16:47:54 +0500] "GET / HTTP/1.0" 200 1660 "https://www.yandex.ru/clck/jsredir?from=yandex.ru;suggest;browser&text=" "Mozilla/5.0 (Windows NT 10.0; WOW64) AppleWebKit/537.36 (KHTML, like Gecko) Chrome/72.0.3626.109 YaBrowser/19.3.0.2485 Yowser/2.5 Safari/537.36"
37.112.13.211 - - [14/Mar/2019:16:47:56 +0500] "GET /favicon.ico HTTP/1.0" 404 466 "http://kdenisb.org/" "Mozilla/5.0 (Windows NT 10.0; WOW64) AppleWebKit/537.36 (KHTML, like Gecko) Chrome/72.0.3626.109 YaBrowser/19.3.0.2485 Yowser/2.5 Safari/537.36"
89.148.202.53 - - [14/Mar/2019:16:54:17 +0500] "GET /favicon.ico HTTP/1.0" 404 466 "http://kdenisb.org/minixlab_v9.pdf" "Mozilla/5.0 (Windows NT 10.0; WOW64) AppleWebKit/537.36 (KHTML, like Gecko) Chrome/72.0.3626.109 YaBrowser/19.3.0.2485 Yowser/2.5 Safari/537.36"
198.108.66.128 - - [14/Mar/2019:16:56:02 +0500] "GET / HTTP/1.0" 200 1660 "-" "Mozilla/5.0 zgrab/0.x"
195.19.164.215 - - [14/Mar/2019:17:11:09 +0500] "GET /minixlab_v9.pdf HTTP/1.0" 206 65846 "http://kdenisb.org/" "Mozilla/5.0 (Windows NT 10.0; Win64; x64; rv:65.0) Gecko/20100101 Firefox/65.0"
195.19.177.44 - - [14/Mar/2019:17:22:01 +0500] "GET /favicon.ico HTTP/1.0" 404 466 "http://kdenisb.org/minixlab_v9.pdf" "Mozilla/5.0 (Windows NT 6.1; WOW64) AppleWebKit/537.36 (KHTML, like Gecko) Chrome/72.0.3626.109 YaBrowser/19.3.0.2485 Yowser/2.5 Safari/537.36"
117.0.176.56 - - [14/Mar/2019:17:22:29 +0500] "GET / HTTP/1.0" 200 3472 "-" "Mozilla/5.0 (Windows; U; Windows NT 5.1; en-US; rv:x.x.x) Gecko/20041107 Firefox/x.x"
138.246.253.5 - - [14/Mar/2019:17:30:28 +0500] "HEAD / HTTP/1.0" 200 272 "-" "Mozilla/5.0 (Windows NT 6.1; Win64; x64) AppleWebKit/537.36 (KHTML, like Gecko) Chrome/40.0.2214.85 Safari/537.36"
66.102.9.29 - - [14/Mar/2019:17:31:38 +0500] "GET / HTTP/1.0" 200 1660 "-" "Mozilla/5.0 (Linux; Android 8.0.0; BND-L21) AppleWebKit/537.36 (KHTML, like Gecko) Chrome/72.0.3626.121 Mobile Safari/537.36"
66.102.9.3 - - [14/Mar/2019:17:31:40 +0500] "GET /favicon.ico HTTP/1.0" 404 466 "http://kdenisb.org/" "Mozilla/5.0 (Linux; Android 8.0.0; BND-L21) AppleWebKit/537.36 (KHTML, like Gecko) Chrome/72.0.3626.121 Mobile Safari/537.36"
66.102.9.29 - - [14/Mar/2019:17:31:55 +0500] "GET / HTTP/1.0" 200 1660 "-" "Mozilla/5.0 (Linux; Android 8.0.0; BND-L21) AppleWebKit/537.36 (KHTML, like Gecko) Chrome/72.0.3626.121 Mobile Safari/537.36"
66.102.9.3 - - [14/Mar/2019:17:32:23 +0500] "GET /minixlab_v9.pdf HTTP/1.0" 200 1475565 "http://kdenisb.org/" "Mozilla/5.0 (Linux; Android 8.0.0; BND-L21) AppleWebKit/537.36 (KHTML, like Gecko) Chrome/72.0.3626.121 Mobile Safari/537.36"
66.249.64.30 - - [14/Mar/2019:17:53:16 +0500] "GET /os_prez_93.pdf HTTP/1.0" 200 1583971 "-" "Mozilla/5.0 (Linux; Android 6.0.1; Nexus 5X Build/MMB29P) AppleWebKit/537.36 (KHTML, like Gecko) Chrome/41.0.2272.96 Mobile Safari/537.36 (compatible; Googlebot/2.1; +http://www.google.com/bot.html)"
216.244.66.200 - - [14/Mar/2019:17:53:31 +0500] "GET /robots.txt HTTP/1.0" 404 465 "-" "Mozilla/5.0 (compatible; DotBot/1.1; http://www.opensiteexplorer.org/dotbot, help@moz.com)"
195.19.184.205 - - [14/Mar/2019:17:56:31 +0500] "GET / HTTP/1.0" 200 1660 "-" "Mozilla/5.0 (Windows NT 10.0; Win64; x64) AppleWebKit/537.36 (KHTML, like Gecko) Chrome/72.0.3626.121 Safari/537.36"
195.19.184.205 - - [14/Mar/2019:17:56:34 +0500] "GET /favicon.ico HTTP/1.0" 404 466 "http://kdenisb.org/" "Mozilla/5.0 (Windows NT 10.0; Win64; x64) AppleWebKit/537.36 (KHTML, like Gecko) Chrome/72.0.3626.121 Safari/537.36"
66.249.64.159 - - [14/Mar/2019:18:02:54 +0500] "GET /robots.txt HTTP/1.0" 404 465 "-" "Mozilla/5.0 (compatible; Googlebot/2.1; +http://www.google.com/bot.html)"
66.249.64.159 - - [14/Mar/2019:18:02:54 +0500] "GET /favicon.ico HTTP/1.0" 404 466 "-" "Googlebot-Image/1.0"
66.102.9.3 - - [14/Mar/2019:18:10:05 +0500] "GET /spolabs.pdf HTTP/1.0" 200 301838 "http://kdenisb.org/" "Mozilla/5.0 (Linux; Android 8.0.0; BND-L21) AppleWebKit/537.36 (KHTML, like Gecko) Chrome/72.0.3626.121 Mobile Safari/537.36"
117.0.176.56 - - [14/Mar/2019:18:12:58 +0500] "GET / HTTP/1.0" 200 3472 "-" "Mozilla/5.0 (Windows; U; Windows NT 5.1; en-US; rv:x.x.x) Gecko/20041107 Firefox/x.x"
5.166.183.13 - - [14/Mar/2019:18:39:58 +0500] "GET /favicon.ico HTTP/1.0" 404 466 "http://kdenisb.org/" "Mozilla/5.0 (Linux; Android 8.1.0; SM-J710F) AppleWebKit/537.36 (KHTML, like Gecko) Chrome/72.0.3626.121 Mobile Safari/537.36"
5.140.93.170 - - [14/Mar/2019:18:41:11 +0500] "GET /favicon.ico HTTP/1.0" 404 466 "-" "Mozilla/5.0"
5.140.93.170 - - [14/Mar/2019:18:41:11 +0500] "GET /favicon.gif HTTP/1.0" 404 466 "-" "Mozilla/5.0"
5.140.93.170 - - [14/Mar/2019:18:41:11 +0500] "GET /favicon.jpg HTTP/1.0" 404 466 "-" "Mozilla/5.0"
5.140.93.170 - - [14/Mar/2019:18:41:11 +0500] "GET /favicon.png HTTP/1.0" 404 466 "-" "Mozilla/5.0"
89.148.197.163 - - [14/Mar/2019:19:00:54 +0500] "GET /favicon.ico HTTP/1.0" 404 466 "http://kdenisb.org/minixlab_v9.pdf" "Mozilla/5.0 (Windows NT 10.0; Win64; x64) AppleWebKit/537.36 (KHTML, like Gecko) Chrome/72.0.3626.121 Safari/537.36"
117.0.176.56 - - [14/Mar/2019:19:09:00 +0500] "GET / HTTP/1.0" 200 3472 "-" "Mozilla/5.0 (Windows; U; Windows NT 5.1; en-US; rv:x.x.x) Gecko/20041107 Firefox/x.x"
46.146.69.113 - - [14/Mar/2019:19:17:25 +0500] "GET / HTTP/1.0" 200 1660 "https://yandex.ru/" "Mozilla/5.0 (Windows NT 6.1; WOW64; rv:65.0) Gecko/20100101 Firefox/65.0"
46.146.69.113 - - [14/Mar/2019:19:17:25 +0500] "GET /favicon.ico HTTP/1.0" 404 466 "-" "Mozilla/5.0 (Windows NT 6.1; WOW64; rv:65.0) Gecko/20100101 Firefox/65.0"
46.146.69.113 - - [14/Mar/2019:19:19:35 +0500] "GET /fp/fp_labs_v_1.pdf HTTP/1.0" 200 316120 "http://kdenisb.org/" "Mozilla/5.0 (Windows NT 6.1; WOW64; rv:65.0) Gecko/20100101 Firefox/65.0"
46.146.69.113 - - [14/Mar/2019:19:19:35 +0500] "GET /fp/fp_labs_v_1.pdf HTTP/1.0" 206 65844 "http://kdenisb.org/" "Mozilla/5.0 (Windows NT 6.1; WOW64; rv:65.0) Gecko/20100101 Firefox/65.0"
46.146.69.113 - - [14/Mar/2019:19:19:35 +0500] "GET /fp/fp_labs_v_1.pdf HTTP/1.0" 206 54031 "http://kdenisb.org/" "Mozilla/5.0 (Windows NT 6.1; WOW64; rv:65.0) Gecko/20100101 Firefox/65.0"
37.9.113.13 - - [14/Mar/2019:19:25:15 +0500] "GET /robots.txt HTTP/1.0" 404 465 "-" "Mozilla/5.0 (compatible; YandexBot/3.0; +http://yandex.com/bots)"
37.9.113.13 - - [14/Mar/2019:19:25:19 +0500] "GET / HTTP/1.0" 200 1660 "-" "Mozilla/5.0 (compatible; YandexBot/3.0; +http://yandex.com/bots)"
66.240.205.34 - - [14/Mar/2019:19:25:35 +0500] "Gh0st\xAD\x00\x00\x00\xE0\x00\x00\x00x\x9CKS``\x98\xC3\xC0\xC0\xC0\x06\xC4\x8C@\xBCQ\x96\x81\x81\x09H\x07\xA7\x16\x95e&\xA7*\x04$&g+\x182\x94\xF6\xB000\xAC\xA8rc\x00\x01\x11\xA0\x82\x1F\x5C`&\x83\xC7K7\x86\x19\xE5n\x0C9\x95n\x0C;\x84\x0F3\xAC\xE8sch\xA8^\xCF4'J\x97\xA9\x82\xE30\xC3\x91h]&\x90\xF8\xCE\x97S\xCBA4L?2=\xE1\xC4\x92\x86\x0B@\xF5`\x0CT\x1F\xAE\xAF]" 400 172 "-" "-"
216.244.66.200 - - [14/Mar/2019:19:26:06 +0500] "GET /robots.txt HTTP/1.0" 404 465 "-" "Mozilla/5.0 (compatible; DotBot/1.1; http://www.opensiteexplorer.org/dotbot, help@moz.com)"
5.140.70.237 - - [14/Mar/2019:19:30:38 +0500] "GET / HTTP/1.0" 200 1660 "-" "Mozilla/5.0 (Windows NT 10.0; Win64; x64) AppleWebKit/537.36 (KHTML, like Gecko) Chrome/72.0.3626.121 Safari/537.36"
5.140.70.237 - - [14/Mar/2019:19:30:39 +0500] "GET /favicon.ico HTTP/1.0" 404 466 "http://kdenisb.org/" "Mozilla/5.0 (Windows NT 10.0; Win64; x64) AppleWebKit/537.36 (KHTML, like Gecko) Chrome/72.0.3626.121 Safari/537.36"
95.163.255.153 - - [14/Mar/2019:19:35:31 +0500] "GET /robots.txt HTTP/1.0" 404 465 "-" "Mozilla/5.0 (compatible; Linux x86_64; Mail.RU_Bot/2.0; +http://go.mail.ru/help/robots)"
95.163.255.175 - - [14/Mar/2019:19:35:33 +0500] "GET /forum/index.php?prev_next=next;topic=8.0 HTTP/1.0" 503 747 "-" "Mozilla/5.0 (compatible; Linux x86_64; Mail.RU_Bot/2.0; +http://go.mail.ru/help/robots)"
37.79.128.168 - - [14/Mar/2019:19:36:38 +0500] "GET / HTTP/1.0" 200 1660 "-" "Mozilla/5.0 (iPhone; CPU iPhone OS 11_4_1 like Mac OS X) AppleWebKit/605.1.15 (KHTML, like Gecko) Version/11.0 Mobile/15E148 Safari/604.1"
37.79.128.168 - - [14/Mar/2019:19:36:38 +0500] "GET /apple-touch-icon-120x120-precomposed.png HTTP/1.0" 404 495 "-" "MobileSafari/604.1 CFNetwork/902.2 Darwin/17.7.0"
37.79.128.168 - - [14/Mar/2019:19:36:38 +0500] "GET /apple-touch-icon-120x120.png HTTP/1.0" 404 483 "-" "MobileSafari/604.1 CFNetwork/902.2 Darwin/17.7.0"
37.79.128.168 - - [14/Mar/2019:19:36:38 +0500] "GET /apple-touch-icon-precomposed.png HTTP/1.0" 404 487 "-" "MobileSafari/604.1 CFNetwork/902.2 Darwin/17.7.0"
37.79.128.168 - - [14/Mar/2019:19:36:38 +0500] "GET /apple-touch-icon.png HTTP/1.0" 404 475 "-" "MobileSafari/604.1 CFNetwork/902.2 Darwin/17.7.0"
37.79.128.168 - - [14/Mar/2019:19:36:38 +0500] "GET /favicon.ico HTTP/1.0" 404 466 "-" "MobileSafari/604.1 CFNetwork/902.2 Darwin/17.7.0"
37.79.128.168 - - [14/Mar/2019:19:36:38 +0500] "GET /apple-touch-icon-120x120-precomposed.png HTTP/1.0" 404 495 "-" "MobileSafari/604.1 CFNetwork/902.2 Darwin/17.7.0"
37.79.128.168 - - [14/Mar/2019:19:36:38 +0500] "GET /apple-touch-icon-120x120.png HTTP/1.0" 404 483 "-" "MobileSafari/604.1 CFNetwork/902.2 Darwin/17.7.0"
37.79.128.168 - - [14/Mar/2019:19:36:38 +0500] "GET /apple-touch-icon-precomposed.png HTTP/1.0" 404 487 "-" "MobileSafari/604.1 CFNetwork/902.2 Darwin/17.7.0"
37.79.128.168 - - [14/Mar/2019:19:36:38 +0500] "GET /apple-touch-icon.png HTTP/1.0" 404 475 "-" "MobileSafari/604.1 CFNetwork/902.2 Darwin/17.7.0"
37.79.128.168 - - [14/Mar/2019:19:36:38 +0500] "GET /favicon.ico HTTP/1.0" 404 466 "-" "MobileSafari/604.1 CFNetwork/902.2 Darwin/17.7.0"
194.58.102.39 - - [14/Mar/2019:19:37:27 +0500] "GET / HTTP/1.0" 200 1660 "-" "Virusdie crawler/3.0"
194.58.102.39 - - [14/Mar/2019:19:37:28 +0500] "GET /forum/index.php?board=2.0 HTTP/1.0" 503 747 "http://kdenisb.org/forum/index.php?board=2.0" "Virusdie crawler/3.0"
194.58.102.39 - - [14/Mar/2019:19:37:30 +0500] "GET /forum/index.php?board=4.0 HTTP/1.0" 503 747 "http://kdenisb.org/forum/index.php?board=4.0" "Virusdie crawler/3.0"
194.58.102.39 - - [14/Mar/2019:19:37:31 +0500] "GET /forum/index.php?board=5.0 HTTP/1.0" 503 747 "http://kdenisb.org/forum/index.php?board=5.0" "Virusdie crawler/3.0"
194.58.102.39 - - [14/Mar/2019:19:37:33 +0500] "GET /forum/index.php?board=3.0 HTTP/1.0" 503 747 "http://kdenisb.org/forum/index.php?board=3.0" "Virusdie crawler/3.0"
198.108.67.16 - - [14/Mar/2019:19:51:43 +0500] "GET / HTTP/1.0" 200 1660 "-" "Mozilla/5.0 zgrab/0.x"
66.249.64.159 - - [14/Mar/2019:19:56:36 +0500] "GET /favicon.ico HTTP/1.0" 404 466 "-" "Googlebot-Image/1.0"
46.146.68.199 - - [14/Mar/2019:19:58:09 +0500] "GET /favicon.ico HTTP/1.0" 404 466 "http://kdenisb.org/" "Mozilla/5.0 (Windows NT 10.0; Win64; x64) AppleWebKit/537.36 (KHTML, like Gecko) Chrome/72.0.3626.121 Safari/537.36"
117.0.176.56 - - [14/Mar/2019:20:04:54 +0500] "GET / HTTP/1.0" 200 3472 "-" "Mozilla/5.0 (Windows; U; Windows NT 5.1; en-US; rv:x.x.x) Gecko/20041107 Firefox/x.x"
216.244.66.200 - - [14/Mar/2019:20:12:09 +0500] "GET /robots.txt HTTP/1.0" 404 465 "-" "Mozilla/5.0 (compatible; DotBot/1.1; http://www.opensiteexplorer.org/dotbot, help@moz.com)"
5.140.93.170 - - [14/Mar/2019:20:36:44 +0500] "GET /favicon.ico HTTP/1.0" 404 466 "-" "Mozilla/5.0"
5.140.93.170 - - [14/Mar/2019:20:36:44 +0500] "GET /favicon.gif HTTP/1.0" 404 466 "-" "Mozilla/5.0"
5.140.93.170 - - [14/Mar/2019:20:36:44 +0500] "GET /favicon.png HTTP/1.0" 404 466 "-" "Mozilla/5.0"
5.140.93.170 - - [14/Mar/2019:20:36:44 +0500] "GET /favicon.jpg HTTP/1.0" 404 466 "-" "Mozilla/5.0"
117.0.176.56 - - [14/Mar/2019:20:49:57 +0500] "GET / HTTP/1.0" 200 3472 "-" "Mozilla/5.0 (Windows; U; Windows NT 5.1; en-US; rv:x.x.x) Gecko/20041107 Firefox/x.x"
93.62.205.66 - - [14/Mar/2019:20:55:39 +0500] "GET / HTTP/1.0" 200 3472 "http://kdenisb.org/" "Mozilla/5.0 (Windows NT 6.1) AppleWebKit/537.36 (KHTML, like Gecko) Chrome/67.0.3396.87 Safari/537.36"
93.62.205.66 - - [14/Mar/2019:20:55:39 +0500] "GET /forum/index.php?board=2.0 HTTP/1.0" 503 747 "http://kdenisb.org/forum/index.php?board=2.0" "Mozilla/5.0 (Windows NT 6.1) AppleWebKit/537.36 (KHTML, like Gecko) Chrome/67.0.3396.87 Safari/537.36"
93.62.205.66 - - [14/Mar/2019:20:55:40 +0500] "GET /forum/index.php?board=4.0 HTTP/1.0" 503 747 "http://kdenisb.org/forum/index.php?board=4.0" "Mozilla/5.0 (Windows NT 6.1) AppleWebKit/537.36 (KHTML, like Gecko) Chrome/67.0.3396.87 Safari/537.36"
93.62.205.66 - - [14/Mar/2019:20:55:40 +0500] "GET /forum/index.php?board=5.0 HTTP/1.0" 503 747 "http://kdenisb.org/forum/index.php?board=5.0" "Mozilla/5.0 (Windows NT 6.1) AppleWebKit/537.36 (KHTML, like Gecko) Chrome/67.0.3396.87 Safari/537.36"
93.62.205.66 - - [14/Mar/2019:20:55:41 +0500] "GET /forum/index.php?board=3.0 HTTP/1.0" 503 747 "http://kdenisb.org/forum/index.php?board=3.0" "Mozilla/5.0 (Windows NT 6.1) AppleWebKit/537.36 (KHTML, like Gecko) Chrome/67.0.3396.87 Safari/537.36"
66.102.9.159 - - [14/Mar/2019:21:02:43 +0500] "GET / HTTP/1.0" 200 1660 "http://www.google.com/" "Mozilla/5.0 (Linux; Android 8.0.0; SM-G950F) AppleWebKit/537.36 (KHTML, like Gecko) Chrome/72.0.3626.105 Mobile Safari/537.36"
66.102.9.155 - - [14/Mar/2019:21:02:46 +0500] "GET /favicon.ico HTTP/1.0" 404 470 "http://www.kdenisb.org/" "Mozilla/5.0 (Linux; Android 8.0.0; SM-G950F) AppleWebKit/537.36 (KHTML, like Gecko) Chrome/72.0.3626.105 Mobile Safari/537.36"
195.211.23.206 - - [14/Mar/2019:21:02:50 +0500] "GET / HTTP/1.0" 200 1660 "-" "Mozilla/5.0 (compatible; vkShare; +http://vk.com/dev/Share)"
195.211.23.207 - - [14/Mar/2019:21:02:50 +0500] "GET /favicon.ico HTTP/1.0" 404 470 "-" "Mozilla/5.0 (compatible; vkShare; +http://vk.com/dev/Share)"
37.79.26.189 - - [14/Mar/2019:21:03:01 +0500] "GET / HTTP/1.0" 200 1660 "http://away.vk.com/away.php" "Mozilla/5.0 (Windows NT 10.0; WOW64) AppleWebKit/537.36 (KHTML, like Gecko) Chrome/71.0.3578.98 Safari/537.36 OPR/58.0.3135.79 (Edition Yx)"
37.79.26.189 - - [14/Mar/2019:21:03:03 +0500] "GET /favicon.ico HTTP/1.0" 404 470 "http://www.kdenisb.org/" "Mozilla/5.0 (Windows NT 10.0; WOW64) AppleWebKit/537.36 (KHTML, like Gecko) Chrome/71.0.3578.98 Safari/537.36 OPR/58.0.3135.79 (Edition Yx)"
66.249.64.29 - - [14/Mar/2019:21:08:03 +0500] "GET /favicon.ico HTTP/1.0" 404 470 "-" "Googlebot-Image/1.0"
5.140.70.237 - - [14/Mar/2019:21:10:27 +0500] "GET /favicon.ico HTTP/1.0" 404 466 "http://kdenisb.org/minixlab_v9.pdf" "Mozilla/5.0 (Windows NT 10.0; WOW64) AppleWebKit/537.36 (KHTML, like Gecko) Chrome/72.0.3626.109 YaBrowser/19.3.0.2485 Yowser/2.5 Safari/537.36"
5.140.70.237 - - [14/Mar/2019:21:10:27 +0500] "GET /favicon.ico HTTP/1.0" 404 466 "-" "Mozilla/5.0 (Windows NT 10.0; WOW64) AppleWebKit/537.36 (KHTML, like Gecko) Chrome/72.0.3626.109 YaBrowser/19.3.0.2485 Yowser/2.5 Safari/537.36"
13.57.30.137 - - [14/Mar/2019:21:37:53 +0500] "GET /wp-json/ HTTP/1.0" 404 463 "-" "Mozilla/5.0 (Macintosh; Intel Mac OS X 10_11_5) AppleWebKit/537.36 (KHTML, like Gecko) Chrome/50.0.2661.102 Safari/537.36"
157.55.39.11 - - [14/Mar/2019:21:41:54 +0500] "GET / HTTP/1.0" 200 1660 "-" "Mozilla/5.0 (compatible; bingbot/2.0; +http://www.bing.com/bingbot.htm)"
13.66.139.1 - - [14/Mar/2019:21:43:02 +0500] "GET /robots.txt HTTP/1.0" 404 465 "-" "Mozilla/5.0 (compatible; bingbot/2.0; +http://www.bing.com/bingbot.htm)"
13.66.139.0 - - [14/Mar/2019:21:43:12 +0500] "GET /mt/mt_labs_v_1.pdf HTTP/1.0" 304 146 "-" "Mozilla/5.0 (compatible; bingbot/2.0; +http://www.bing.com/bingbot.htm)"
216.244.66.200 - - [14/Mar/2019:21:43:26 +0500] "GET /robots.txt HTTP/1.0" 404 465 "-" "Mozilla/5.0 (compatible; DotBot/1.1; http://www.opensiteexplorer.org/dotbot, help@moz.com)"
95.108.225.223 - - [14/Mar/2019:21:48:29 +0500] "GET / HTTP/1.0" 200 1660 "-" "Mozilla/5.0 (Windows NT 10.0; WOW64) AppleWebKit/537.36 (KHTML, like Gecko) Chrome/72.0.3626.109 YaBrowser/19.3.0.2485 Yowser/2.5 Safari/537.36"
54.186.143.251 - - [14/Mar/2019:21:48:29 +0500] "GET /wp-json/ HTTP/1.0" 404 463 "-" "Mozilla/5.0 (Macintosh; Intel Mac OS X 10_11_5) AppleWebKit/537.36 (KHTML, like Gecko) Chrome/50.0.2661.102 Safari/537.36"
95.108.225.223 - - [14/Mar/2019:21:48:29 +0500] "GET /favicon.ico HTTP/1.0" 404 466 "-" "Mozilla/5.0 (Windows NT 10.0; WOW64) AppleWebKit/537.36 (KHTML, like Gecko) Chrome/72.0.3626.109 YaBrowser/19.3.0.2485 Yowser/2.5 Safari/537.36"
95.108.225.223 - - [14/Mar/2019:21:48:32 +0500] "GET /favicon.ico HTTP/1.0" 404 466 "http://kdenisb.org/" "Mozilla/5.0 (Windows NT 10.0; WOW64) AppleWebKit/537.36 (KHTML, like Gecko) Chrome/72.0.3626.109 YaBrowser/19.3.0.2485 Yowser/2.5 Safari/537.36"
95.108.225.223 - - [14/Mar/2019:21:48:43 +0500] "GET / HTTP/1.0" 200 1660 "-" "Mozilla/5.0 (Windows NT 10.0; WOW64) AppleWebKit/537.36 (KHTML, like Gecko) Chrome/72.0.3626.109 YaBrowser/19.3.0.2485 Yowser/2.5 Safari/537.36"
95.108.225.223 - - [14/Mar/2019:21:48:44 +0500] "GET / HTTP/1.0" 200 1660 "-" "Mozilla/5.0 (Windows NT 10.0; WOW64) AppleWebKit/537.36 (KHTML, like Gecko) Chrome/72.0.3626.109 YaBrowser/19.3.0.2485 Yowser/2.5 Safari/537.36"
178.161.134.150 - - [14/Mar/2019:21:48:52 +0500] "GET / HTTP/1.0" 200 3472 "-" "Mozilla/5.0 (Windows NT 10.0; Win64; x64) AppleWebKit/537.36 (KHTML, like Gecko) Chrome/72.0.3626.121 Safari/537.36"
178.161.134.150 - - [14/Mar/2019:21:48:56 +0500] "GET /favicon.ico HTTP/1.0" 404 466 "http://kdenisb.org/" "Mozilla/5.0 (Windows NT 10.0; Win64; x64) AppleWebKit/537.36 (KHTML, like Gecko) Chrome/72.0.3626.121 Safari/537.36"
2.93.53.216 - - [14/Mar/2019:21:49:41 +0500] "GET / HTTP/1.0" 200 1660 "http://away.vk.com/away.php" "Mozilla/5.0 (Windows NT 10.0; Win64; x64; rv:65.0) Gecko/20100101 Firefox/65.0"
2.93.53.216 - - [14/Mar/2019:21:49:42 +0500] "GET /favicon.ico HTTP/1.0" 404 466 "-" "Mozilla/5.0 (Windows NT 10.0; Win64; x64; rv:65.0) Gecko/20100101 Firefox/65.0"
117.0.176.56 - - [14/Mar/2019:21:51:47 +0500] "GET / HTTP/1.0" 200 3472 "-" "Mozilla/5.0 (Windows; U; Windows NT 5.1; en-US; rv:x.x.x) Gecko/20041107 Firefox/x.x"
209.17.96.26 - - [14/Mar/2019:22:10:38 +0500] "GET / HTTP/1.0" 200 3472 "-" "Mozilla/5.0 (compatible; Nimbostratus-Bot/v1.3.2; http://cloudsystemnetworks.com)"
46.146.112.75 - - [14/Mar/2019:22:15:26 +0500] "GET / HTTP/1.0" 200 1660 "http://away.vk.com/away.php" "Mozilla/5.0 (Windows NT 10.0; Win64; x64) AppleWebKit/537.36 (KHTML, like Gecko) Chrome/72.0.3626.121 Safari/537.36"
46.146.112.75 - - [14/Mar/2019:22:15:27 +0500] "GET /favicon.ico HTTP/1.0" 404 470 "http://www.kdenisb.org/" "Mozilla/5.0 (Windows NT 10.0; Win64; x64) AppleWebKit/537.36 (KHTML, like Gecko) Chrome/72.0.3626.121 Safari/537.36"
46.146.112.75 - - [14/Mar/2019:22:16:56 +0500] "GET /web/task_complex_b.pdf HTTP/1.0" 200 25661 "http://www.kdenisb.org/" "Mozilla/5.0 (Windows NT 10.0; Win64; x64) AppleWebKit/537.36 (KHTML, like Gecko) Chrome/72.0.3626.121 Safari/537.36"
37.79.26.189 - - [14/Mar/2019:22:18:15 +0500] "GET /xhtml_prez-1.92.pdf HTTP/1.0" 200 1175890 "http://www.kdenisb.org/" "Mozilla/5.0 (Windows NT 10.0; WOW64) AppleWebKit/537.36 (KHTML, like Gecko) Chrome/71.0.3578.98 Safari/537.36 OPR/58.0.3135.79 (Edition Yx)"
117.0.176.56 - - [14/Mar/2019:22:33:33 +0500] "GET / HTTP/1.0" 200 3472 "-" "Mozilla/5.0 (Windows; U; Windows NT 5.1; en-US; rv:x.x.x) Gecko/20041107 Firefox/x.x"
66.249.64.128 - - [14/Mar/2019:22:44:58 +0500] "GET /ads.txt HTTP/1.0" 404 462 "-" "Mozilla/5.0 (compatible; Googlebot/2.1; +http://www.google.com/bot.html)"
157.55.39.11 - - [14/Mar/2019:23:14:42 +0500] "GET /xhtml_prez-1.92.pdf HTTP/1.0" 200 1175890 "-" "Mozilla/5.0 (compatible; bingbot/2.0; +http://www.bing.com/bingbot.htm)"
216.244.66.200 - - [14/Mar/2019:23:14:52 +0500] "GET /robots.txt HTTP/1.0" 404 465 "-" "Mozilla/5.0 (compatible; DotBot/1.1; http://www.opensiteexplorer.org/dotbot, help@moz.com)"
117.0.176.56 - - [14/Mar/2019:23:15:05 +0500] "GET / HTTP/1.0" 200 3472 "-" "Mozilla/5.0 (Windows; U; Windows NT 5.1; en-US; rv:x.x.x) Gecko/20041107 Firefox/x.x"
66.249.64.29 - - [14/Mar/2019:23:19:36 +0500] "GET /robots.txt HTTP/1.0" 404 469 "-" "Mozilla/5.0 (compatible; Googlebot/2.1; +http://www.google.com/bot.html)"
66.249.64.30 - - [14/Mar/2019:23:19:36 +0500] "GET /favicon.ico HTTP/1.0" 404 470 "-" "Googlebot-Image/1.0"
37.79.128.168 - - [14/Mar/2019:23:22:26 +0500] "GET / HTTP/1.0" 200 1660 "-" "Mozilla/5.0 (iPhone; CPU iPhone OS 11_4_1 like Mac OS X) AppleWebKit/605.1.15 (KHTML, like Gecko) Version/11.0 Mobile/15E148 Safari/604.1"
37.79.128.168 - - [14/Mar/2019:23:22:26 +0500] "GET /apple-touch-icon-120x120-precomposed.png HTTP/1.0" 404 495 "-" "MobileSafari/604.1 CFNetwork/902.2 Darwin/17.7.0"
37.79.128.168 - - [14/Mar/2019:23:22:26 +0500] "GET /apple-touch-icon-120x120.png HTTP/1.0" 404 483 "-" "MobileSafari/604.1 CFNetwork/902.2 Darwin/17.7.0"
37.79.128.168 - - [14/Mar/2019:23:22:26 +0500] "GET /apple-touch-icon-precomposed.png HTTP/1.0" 404 487 "-" "MobileSafari/604.1 CFNetwork/902.2 Darwin/17.7.0"
37.79.128.168 - - [14/Mar/2019:23:22:26 +0500] "GET /apple-touch-icon.png HTTP/1.0" 404 475 "-" "MobileSafari/604.1 CFNetwork/902.2 Darwin/17.7.0"
37.79.128.168 - - [14/Mar/2019:23:22:26 +0500] "GET /favicon.ico HTTP/1.0" 404 466 "-" "MobileSafari/604.1 CFNetwork/902.2 Darwin/17.7.0"
37.79.128.168 - - [14/Mar/2019:23:22:26 +0500] "GET /apple-touch-icon-120x120-precomposed.png HTTP/1.0" 404 495 "-" "MobileSafari/604.1 CFNetwork/902.2 Darwin/17.7.0"
37.79.128.168 - - [14/Mar/2019:23:22:26 +0500] "GET /apple-touch-icon-120x120.png HTTP/1.0" 404 483 "-" "MobileSafari/604.1 CFNetwork/902.2 Darwin/17.7.0"
37.79.128.168 - - [14/Mar/2019:23:22:26 +0500] "GET /apple-touch-icon-precomposed.png HTTP/1.0" 404 487 "-" "MobileSafari/604.1 CFNetwork/902.2 Darwin/17.7.0"
37.79.128.168 - - [14/Mar/2019:23:22:26 +0500] "GET /apple-touch-icon.png HTTP/1.0" 404 475 "-" "MobileSafari/604.1 CFNetwork/902.2 Darwin/17.7.0"
